Thu Sep 19 07:37:08 AM UTC 2024
==============================================
General information
==============================================
system name: host
release: Red Hat Enterprise Linux 9.3 (Plow)a 5.14.0-284.11.1.el9_2.x86_64
==============================================
Hardware information
==============================================
Architecture: x86_64
Product: PowerEdge R760
BIOS information: Dell Inc. 2.2.7
processor information: Intel(R) Xeon(R) Gold 6430
CPUS present: CPU(s): 128
CPUS on line: 0-127
Numa CPU allocation:
NUMA node(s):                    2
NUMA node0 CPU(s):               0,2,4,6,8,10,12,14,16,18,20,22,24,26,28,30,32,34,36,38,40,42,44,46,48,50,52,54,56,58,60,62,64,66,68,70,72,74,76,78,80,82,84,86,88,90,92,94,96,98,100,102,104,106,108,110,112,114,116,118,120,122,124,126
NUMA node1 CPU(s):               1,3,5,7,9,11,13,15,17,19,21,23,25,27,29,31,33,35,37,39,41,43,45,47,49,51,53,55,57,59,61,63,65,67,69,71,73,75,77,79,81,83,85,87,89,91,93,95,97,99,101,103,105,107,109,111,113,115,117,119,121,123,125,127
==============================================
Memory information
==============================================
MemTotal:       791563240 kB
HardwareCorrupted:     0 kB
Hugepagesize:       2048 kB
Numa memory per node
node 0 size: 385997 MB
node 1 size: 387013 MB
==============================================
Boot options
BOOT_IMAGE=(hd0,gpt2)/vmlinuz-5.14.0-284.11.1.el9_2.x86_64 root=/dev/mapper/rhel_n42--h24--000--r760-root ro nofb quiet splash=quiet crashkernel=1G-4G:192M,4G-64G:256M,64G-:512M resume=/dev/mapper/rhel_n42--h24--000--r760-swap rd.lvm.lv=rhel_n42-h24-000-r760/root rd.lvm.lv=rhel_n42-h24-000-r760/swap
==============================================
Tuned Current active profile: throughput-performance
==============================================
SELinux status:                 enabled
==============================================
Disk information
/dev/sda ID_MODEL=RAID ID_MODEL_ENC=RAID\x20\x20\x20\x20\x20\x20\x20\x20\x20\x20\x20\x20
/dev/nvme0n1 ID_MODEL=Dell Ent NVMe FIPS CM6 MU 1.6TB
/dev/nvme3n1 ID_MODEL=Dell Ent NVMe FIPS CM6 MU 1.6TB
/dev/nvme6n1 ID_MODEL=Dell Ent NVMe FIPS CM6 MU 1.6TB
/dev/nvme2n1 ID_MODEL=Dell Ent NVMe FIPS CM6 MU 1.6TB
/dev/nvme5n1 ID_MODEL=Dell Ent NVMe FIPS CM6 MU 1.6TB
/dev/nvme1n1 ID_MODEL=Dell Ent NVMe FIPS CM6 MU 1.6TB
/dev/nvme4n1 ID_MODEL=Dell Ent NVMe FIPS CM6 MU 1.6TB
/dev/nvme7n1 ID_MODEL=Dell Ent NVMe FIPS CM6 MU 1.6TB
==============================================
Checking for mount overlays
All single mount points
==============================================
mounted filesystems
proc on /proc type proc (rw,nosuid,nodev,noexec,relatime)
sysfs on /sys type sysfs (rw,nosuid,nodev,noexec,relatime,seclabel)
devtmpfs on /dev type devtmpfs (rw,nosuid,seclabel,size=4096k,nr_inodes=98939825,mode=755,inode64)
securityfs on /sys/kernel/security type securityfs (rw,nosuid,nodev,noexec,relatime)
tmpfs on /dev/shm type tmpfs (rw,nosuid,nodev,seclabel,inode64)
devpts on /dev/pts type devpts (rw,nosuid,noexec,relatime,seclabel,gid=5,mode=620,ptmxmode=000)
tmpfs on /run type tmpfs (rw,nosuid,nodev,seclabel,size=158312648k,nr_inodes=819200,mode=755,inode64)
cgroup2 on /sys/fs/cgroup type cgroup2 (rw,nosuid,nodev,noexec,relatime,seclabel,nsdelegate,memory_recursiveprot)
pstore on /sys/fs/pstore type pstore (rw,nosuid,nodev,noexec,relatime,seclabel)
efivarfs on /sys/firmware/efi/efivars type efivarfs (rw,nosuid,nodev,noexec,relatime)
bpf on /sys/fs/bpf type bpf (rw,nosuid,nodev,noexec,relatime,mode=700)
/dev/mapper/rhel_n42--h24--000--r760-root on / type xfs (rw,relatime,seclabel,attr2,inode64,logbufs=8,logbsize=32k,noquota)
selinuxfs on /sys/fs/selinux type selinuxfs (rw,nosuid,noexec,relatime)
systemd-1 on /proc/sys/fs/binfmt_misc type autofs (rw,relatime,fd=29,pgrp=1,timeout=0,minproto=5,maxproto=5,direct,pipe_ino=42042)
tracefs on /sys/kernel/tracing type tracefs (rw,nosuid,nodev,noexec,relatime,seclabel)
debugfs on /sys/kernel/debug type debugfs (rw,nosuid,nodev,noexec,relatime,seclabel)
mqueue on /dev/mqueue type mqueue (rw,nosuid,nodev,noexec,relatime,seclabel)
hugetlbfs on /dev/hugepages type hugetlbfs (rw,relatime,seclabel,pagesize=2M)
configfs on /sys/kernel/config type configfs (rw,nosuid,nodev,noexec,relatime)
none on /run/credentials/systemd-tmpfiles-setup-dev.service type ramfs (ro,nosuid,nodev,noexec,relatime,seclabel,mode=700)
none on /run/credentials/systemd-sysctl.service type ramfs (ro,nosuid,nodev,noexec,relatime,seclabel,mode=700)
fusectl on /sys/fs/fuse/connections type fusectl (rw,nosuid,nodev,noexec,relatime)
/dev/sda2 on /boot type xfs (rw,relatime,seclabel,attr2,inode64,logbufs=8,logbsize=32k,noquota)
/dev/sda1 on /boot/efi type vfat (rw,relatime,fmask=0077,dmask=0077,codepage=437,iocharset=ascii,shortname=winnt,errors=remount-ro)
/dev/mapper/rhel_n42--h24--000--r760-home on /home type xfs (rw,relatime,seclabel,attr2,inode64,logbufs=8,logbsize=32k,noquota)
none on /run/credentials/systemd-tmpfiles-setup.service type ramfs (ro,nosuid,nodev,noexec,relatime,seclabel,mode=700)
tmpfs on /run/user/0 type tmpfs (rw,nosuid,nodev,relatime,seclabel,size=79156324k,nr_inodes=19789081,mode=700,inode64)
binfmt_misc on /proc/sys/fs/binfmt_misc type binfmt_misc (rw,nosuid,nodev,noexec,relatime)
